2026/05/13 18:56:23 [info] ks3util run begin,cmd:/share/project/zhangningboo/ks3_internal/ks3util-linux-amd64 -c /share/project/zhangningboo/ks3_internal/ks3util-config -r -u --proxy http://10.8.36.21:2080 --read-timeout 6 --jobs=64 cp /share/project/lvjing/vjepa2/starVLA/playground/Checkpoints/jepadit_galbot_g1_stack_bowl_3view_arms_delta_20k_bs16_chunk30 ks3://baai-emllm/2026-05-11-lvjing-galbot-diewan
2026/05/13 18:56:23 [info] ks3util version is 2.12.0
2026/05/13 18:56:23 [info] ks3 go sdk version is v1.2.5
2026/05/13 18:56:23 [info] go version is go1.23.4
2026/05/13 18:56:23 [info] runtime.NumCPU is 192
2026/05/13 18:56:23 [info] logLevel is info
2026/05/13 18:56:23 [info] accessKeyID: AKLTsHYVpPELRCS0m46jnAfO
2026/05/13 18:56:23 [info] create checkpoint dir, path:.ks3util_checkpoint
2026/05/13 18:56:23 [info] [upload] begin uploadFiles
2026/05/13 18:56:23 [info] [upload] upload files, routine count:64, multipart size threshold:104857600
2026/05/13 18:56:23 [info] [scanner] scan files start, path:/share/project/lvjing/vjepa2/starVLA/playground/Checkpoints/jepadit_galbot_g1_stack_bowl_3view_arms_delta_20k_bs16_chunk30/, listType:1, listMethod:Readdir
2026/05/13 18:56:23 [info] [scanner] init thread pool, parallel:1
2026/05/13 18:56:23 [info] [producer] produce files start, path:/share/project/lvjing/vjepa2/starVLA/playground/Checkpoints/jepadit_galbot_g1_stack_bowl_3view_arms_delta_20k_bs16_chunk30/, listType:1, listMethod:Readdir
2026/05/13 18:56:23 [info] [producer] init thread pool, parallel:1
2026/05/13 18:56:23 [info] [scanner] list files start, path:/share/project/lvjing/vjepa2/starVLA/playground/Checkpoints/jepadit_galbot_g1_stack_bowl_3view_arms_delta_20k_bs16_chunk30/, depth:1
2026/05/13 18:56:23 [info] [producer] list files start, path:/share/project/lvjing/vjepa2/starVLA/playground/Checkpoints/jepadit_galbot_g1_stack_bowl_3view_arms_delta_20k_bs16_chunk30/, depth:1
2026/05/13 18:56:23 [info] get file info list success, path:/share/project/lvjing/vjepa2/starVLA/playground/Checkpoints/jepadit_galbot_g1_stack_bowl_3view_arms_delta_20k_bs16_chunk30/, fileNum:12, cost:2(ms)
2026/05/13 18:56:23 [info] [producer] list files finished, path:/share/project/lvjing/vjepa2/starVLA/playground/Checkpoints/jepadit_galbot_g1_stack_bowl_3view_arms_delta_20k_bs16_chunk30/, depth:1, cost:2(ms)
2026/05/13 18:56:23 [info] [producer] list files start, path:/share/project/lvjing/vjepa2/starVLA/playground/Checkpoints/jepadit_galbot_g1_stack_bowl_3view_arms_delta_20k_bs16_chunk30/checkpoints/, depth:2
2026/05/13 18:56:23 [info] get file info list success, path:/share/project/lvjing/vjepa2/starVLA/playground/Checkpoints/jepadit_galbot_g1_stack_bowl_3view_arms_delta_20k_bs16_chunk30/, fileNum:12, cost:2(ms)
2026/05/13 18:56:23 [info] [scanner] list files finished, path:/share/project/lvjing/vjepa2/starVLA/playground/Checkpoints/jepadit_galbot_g1_stack_bowl_3view_arms_delta_20k_bs16_chunk30/, depth:1, cost:3(ms)
2026/05/13 18:56:23 [info] [scanner] list files start, path:/share/project/lvjing/vjepa2/starVLA/playground/Checkpoints/jepadit_galbot_g1_stack_bowl_3view_arms_delta_20k_bs16_chunk30/checkpoints/, depth:2
2026/05/13 18:56:23 [info] get file info list success, path:/share/project/lvjing/vjepa2/starVLA/playground/Checkpoints/jepadit_galbot_g1_stack_bowl_3view_arms_delta_20k_bs16_chunk30/checkpoints/, fileNum:2, cost:1(ms)
2026/05/13 18:56:23 [info] [producer] list files finished, path:/share/project/lvjing/vjepa2/starVLA/playground/Checkpoints/jepadit_galbot_g1_stack_bowl_3view_arms_delta_20k_bs16_chunk30/checkpoints/, depth:2, cost:1(ms)
2026/05/13 18:56:23 [info] [producer] list files start, path:/share/project/lvjing/vjepa2/starVLA/playground/Checkpoints/jepadit_galbot_g1_stack_bowl_3view_arms_delta_20k_bs16_chunk30/final_model/, depth:2
2026/05/13 18:56:23 [info] get file info list success, path:/share/project/lvjing/vjepa2/starVLA/playground/Checkpoints/jepadit_galbot_g1_stack_bowl_3view_arms_delta_20k_bs16_chunk30/checkpoints/, fileNum:2, cost:1(ms)
2026/05/13 18:56:23 [info] [scanner] list files finished, path:/share/project/lvjing/vjepa2/starVLA/playground/Checkpoints/jepadit_galbot_g1_stack_bowl_3view_arms_delta_20k_bs16_chunk30/checkpoints/, depth:2, cost:1(ms)
2026/05/13 18:56:23 [info] [scanner] list files start, path:/share/project/lvjing/vjepa2/starVLA/playground/Checkpoints/jepadit_galbot_g1_stack_bowl_3view_arms_delta_20k_bs16_chunk30/final_model/, depth:2
2026/05/13 18:56:23 [info] get file info list success, path:/share/project/lvjing/vjepa2/starVLA/playground/Checkpoints/jepadit_galbot_g1_stack_bowl_3view_arms_delta_20k_bs16_chunk30/final_model/, fileNum:1, cost:0(ms)
2026/05/13 18:56:23 [info] get file info list success, path:/share/project/lvjing/vjepa2/starVLA/playground/Checkpoints/jepadit_galbot_g1_stack_bowl_3view_arms_delta_20k_bs16_chunk30/final_model/, fileNum:1, cost:0(ms)
2026/05/13 18:56:23 [info] [scanner] list files finished, path:/share/project/lvjing/vjepa2/starVLA/playground/Checkpoints/jepadit_galbot_g1_stack_bowl_3view_arms_delta_20k_bs16_chunk30/final_model/, depth:2, cost:0(ms)
2026/05/13 18:56:23 [info] [scanner] list files start, path:/share/project/lvjing/vjepa2/starVLA/playground/Checkpoints/jepadit_galbot_g1_stack_bowl_3view_arms_delta_20k_bs16_chunk30/wandb/, depth:2
2026/05/13 18:56:23 [info] [producer] list files finished, path:/share/project/lvjing/vjepa2/starVLA/playground/Checkpoints/jepadit_galbot_g1_stack_bowl_3view_arms_delta_20k_bs16_chunk30/final_model/, depth:2, cost:0(ms)
2026/05/13 18:56:23 [info] [producer] list files start, path:/share/project/lvjing/vjepa2/starVLA/playground/Checkpoints/jepadit_galbot_g1_stack_bowl_3view_arms_delta_20k_bs16_chunk30/wandb/, depth:2
2026/05/13 18:56:23 [info] get file info list success, path:/share/project/lvjing/vjepa2/starVLA/playground/Checkpoints/jepadit_galbot_g1_stack_bowl_3view_arms_delta_20k_bs16_chunk30/wandb/, fileNum:1, cost:2(ms)
2026/05/13 18:56:23 [info] [scanner] list files finished, path:/share/project/lvjing/vjepa2/starVLA/playground/Checkpoints/jepadit_galbot_g1_stack_bowl_3view_arms_delta_20k_bs16_chunk30/wandb/, depth:2, cost:2(ms)
2026/05/13 18:56:23 [info] [scanner] list files start, path:/share/project/lvjing/vjepa2/starVLA/playground/Checkpoints/jepadit_galbot_g1_stack_bowl_3view_arms_delta_20k_bs16_chunk30/wandb/wandb/, depth:3
2026/05/13 18:56:23 [info] get file info list success, path:/share/project/lvjing/vjepa2/starVLA/playground/Checkpoints/jepadit_galbot_g1_stack_bowl_3view_arms_delta_20k_bs16_chunk30/wandb/, fileNum:1, cost:1(ms)
2026/05/13 18:56:23 [info] [producer] list files finished, path:/share/project/lvjing/vjepa2/starVLA/playground/Checkpoints/jepadit_galbot_g1_stack_bowl_3view_arms_delta_20k_bs16_chunk30/wandb/, depth:2, cost:1(ms)
2026/05/13 18:56:23 [info] [producer] list files start, path:/share/project/lvjing/vjepa2/starVLA/playground/Checkpoints/jepadit_galbot_g1_stack_bowl_3view_arms_delta_20k_bs16_chunk30/wandb/wandb/, depth:3
2026/05/13 18:56:23 [info] get file info list success, path:/share/project/lvjing/vjepa2/starVLA/playground/Checkpoints/jepadit_galbot_g1_stack_bowl_3view_arms_delta_20k_bs16_chunk30/wandb/wandb/, fileNum:4, cost:1(ms)
2026/05/13 18:56:23 [info] get file info list success, path:/share/project/lvjing/vjepa2/starVLA/playground/Checkpoints/jepadit_galbot_g1_stack_bowl_3view_arms_delta_20k_bs16_chunk30/wandb/wandb/, fileNum:4, cost:1(ms)
2026/05/13 18:56:23 [warn] [scanner] skip symlink directory, filePath:/share/project/lvjing/vjepa2/starVLA/playground/Checkpoints/jepadit_galbot_g1_stack_bowl_3view_arms_delta_20k_bs16_chunk30/wandb/wandb/latest-run
2026/05/13 18:56:23 [info] [scanner] list files finished, path:/share/project/lvjing/vjepa2/starVLA/playground/Checkpoints/jepadit_galbot_g1_stack_bowl_3view_arms_delta_20k_bs16_chunk30/wandb/wandb/, depth:3, cost:1(ms)
2026/05/13 18:56:23 [info] [scanner] list files start, path:/share/project/lvjing/vjepa2/starVLA/playground/Checkpoints/jepadit_galbot_g1_stack_bowl_3view_arms_delta_20k_bs16_chunk30/wandb/wandb/offline-run-20260509_175239-cjbliup0/, depth:4
2026/05/13 18:56:23 [warn] [producer] skip symlink directory, filePath:/share/project/lvjing/vjepa2/starVLA/playground/Checkpoints/jepadit_galbot_g1_stack_bowl_3view_arms_delta_20k_bs16_chunk30/wandb/wandb/latest-run
2026/05/13 18:56:23 [info] [producer] list files finished, path:/share/project/lvjing/vjepa2/starVLA/playground/Checkpoints/jepadit_galbot_g1_stack_bowl_3view_arms_delta_20k_bs16_chunk30/wandb/wandb/, depth:3, cost:1(ms)
2026/05/13 18:56:23 [info] [producer] list files start, path:/share/project/lvjing/vjepa2/starVLA/playground/Checkpoints/jepadit_galbot_g1_stack_bowl_3view_arms_delta_20k_bs16_chunk30/wandb/wandb/offline-run-20260509_175239-cjbliup0/, depth:4
2026/05/13 18:56:23 [info] get file info list success, path:/share/project/lvjing/vjepa2/starVLA/playground/Checkpoints/jepadit_galbot_g1_stack_bowl_3view_arms_delta_20k_bs16_chunk30/wandb/wandb/offline-run-20260509_175239-cjbliup0/, fileNum:6, cost:2(ms)
2026/05/13 18:56:23 [info] [scanner] list files finished, path:/share/project/lvjing/vjepa2/starVLA/playground/Checkpoints/jepadit_galbot_g1_stack_bowl_3view_arms_delta_20k_bs16_chunk30/wandb/wandb/offline-run-20260509_175239-cjbliup0/, depth:4, cost:2(ms)
2026/05/13 18:56:23 [info] [scanner] list files start, path:/share/project/lvjing/vjepa2/starVLA/playground/Checkpoints/jepadit_galbot_g1_stack_bowl_3view_arms_delta_20k_bs16_chunk30/wandb/wandb/offline-run-20260509_175239-cjbliup0/files/, depth:5
2026/05/13 18:56:23 [info] get file info list success, path:/share/project/lvjing/vjepa2/starVLA/playground/Checkpoints/jepadit_galbot_g1_stack_bowl_3view_arms_delta_20k_bs16_chunk30/wandb/wandb/offline-run-20260509_175239-cjbliup0/, fileNum:6, cost:2(ms)
2026/05/13 18:56:23 [info] [producer] list files finished, path:/share/project/lvjing/vjepa2/starVLA/playground/Checkpoints/jepadit_galbot_g1_stack_bowl_3view_arms_delta_20k_bs16_chunk30/wandb/wandb/offline-run-20260509_175239-cjbliup0/, depth:4, cost:2(ms)
2026/05/13 18:56:23 [info] [producer] list files start, path:/share/project/lvjing/vjepa2/starVLA/playground/Checkpoints/jepadit_galbot_g1_stack_bowl_3view_arms_delta_20k_bs16_chunk30/wandb/wandb/offline-run-20260509_175239-cjbliup0/files/, depth:5
2026/05/13 18:56:23 [info] get file info list success, path:/share/project/lvjing/vjepa2/starVLA/playground/Checkpoints/jepadit_galbot_g1_stack_bowl_3view_arms_delta_20k_bs16_chunk30/wandb/wandb/offline-run-20260509_175239-cjbliup0/files/, fileNum:5, cost:1(ms)
2026/05/13 18:56:23 [info] [scanner] list files finished, path:/share/project/lvjing/vjepa2/starVLA/playground/Checkpoints/jepadit_galbot_g1_stack_bowl_3view_arms_delta_20k_bs16_chunk30/wandb/wandb/offline-run-20260509_175239-cjbliup0/files/, depth:5, cost:1(ms)
2026/05/13 18:56:23 [info] [scanner] list files start, path:/share/project/lvjing/vjepa2/starVLA/playground/Checkpoints/jepadit_galbot_g1_stack_bowl_3view_arms_delta_20k_bs16_chunk30/wandb/wandb/offline-run-20260509_175239-cjbliup0/logs/, depth:5
2026/05/13 18:56:23 [info] get file info list success, path:/share/project/lvjing/vjepa2/starVLA/playground/Checkpoints/jepadit_galbot_g1_stack_bowl_3view_arms_delta_20k_bs16_chunk30/wandb/wandb/offline-run-20260509_175239-cjbliup0/files/, fileNum:5, cost:1(ms)
2026/05/13 18:56:23 [info] [producer] list files finished, path:/share/project/lvjing/vjepa2/starVLA/playground/Checkpoints/jepadit_galbot_g1_stack_bowl_3view_arms_delta_20k_bs16_chunk30/wandb/wandb/offline-run-20260509_175239-cjbliup0/files/, depth:5, cost:1(ms)
2026/05/13 18:56:23 [info] [producer] list files start, path:/share/project/lvjing/vjepa2/starVLA/playground/Checkpoints/jepadit_galbot_g1_stack_bowl_3view_arms_delta_20k_bs16_chunk30/wandb/wandb/offline-run-20260509_175239-cjbliup0/logs/, depth:5
2026/05/13 18:56:23 [info] get file info list success, path:/share/project/lvjing/vjepa2/starVLA/playground/Checkpoints/jepadit_galbot_g1_stack_bowl_3view_arms_delta_20k_bs16_chunk30/wandb/wandb/offline-run-20260509_175239-cjbliup0/logs/, fileNum:3, cost:1(ms)
2026/05/13 18:56:23 [info] get file info list success, path:/share/project/lvjing/vjepa2/starVLA/playground/Checkpoints/jepadit_galbot_g1_stack_bowl_3view_arms_delta_20k_bs16_chunk30/wandb/wandb/offline-run-20260509_175239-cjbliup0/logs/, fileNum:3, cost:1(ms)
2026/05/13 18:56:23 [info] [scanner] list files finished, path:/share/project/lvjing/vjepa2/starVLA/playground/Checkpoints/jepadit_galbot_g1_stack_bowl_3view_arms_delta_20k_bs16_chunk30/wandb/wandb/offline-run-20260509_175239-cjbliup0/logs/, depth:5, cost:1(ms)
2026/05/13 18:56:23 [info] [scanner] list files start, path:/share/project/lvjing/vjepa2/starVLA/playground/Checkpoints/jepadit_galbot_g1_stack_bowl_3view_arms_delta_20k_bs16_chunk30/wandb/wandb/offline-run-20260509_175239-cjbliup0/tmp/, depth:5
2026/05/13 18:56:23 [info] [producer] list files finished, path:/share/project/lvjing/vjepa2/starVLA/playground/Checkpoints/jepadit_galbot_g1_stack_bowl_3view_arms_delta_20k_bs16_chunk30/wandb/wandb/offline-run-20260509_175239-cjbliup0/logs/, depth:5, cost:1(ms)
2026/05/13 18:56:23 [info] [producer] list files start, path:/share/project/lvjing/vjepa2/starVLA/playground/Checkpoints/jepadit_galbot_g1_stack_bowl_3view_arms_delta_20k_bs16_chunk30/wandb/wandb/offline-run-20260509_175239-cjbliup0/tmp/, depth:5
2026/05/13 18:56:23 [info] get file info list success, path:/share/project/lvjing/vjepa2/starVLA/playground/Checkpoints/jepadit_galbot_g1_stack_bowl_3view_arms_delta_20k_bs16_chunk30/wandb/wandb/offline-run-20260509_175239-cjbliup0/tmp/, fileNum:1, cost:1(ms)
2026/05/13 18:56:23 [info] get file info list success, path:/share/project/lvjing/vjepa2/starVLA/playground/Checkpoints/jepadit_galbot_g1_stack_bowl_3view_arms_delta_20k_bs16_chunk30/wandb/wandb/offline-run-20260509_175239-cjbliup0/tmp/, fileNum:1, cost:1(ms)
2026/05/13 18:56:23 [info] [scanner] list files finished, path:/share/project/lvjing/vjepa2/starVLA/playground/Checkpoints/jepadit_galbot_g1_stack_bowl_3view_arms_delta_20k_bs16_chunk30/wandb/wandb/offline-run-20260509_175239-cjbliup0/tmp/, depth:5, cost:2(ms)
2026/05/13 18:56:23 [info] [producer] list files finished, path:/share/project/lvjing/vjepa2/starVLA/playground/Checkpoints/jepadit_galbot_g1_stack_bowl_3view_arms_delta_20k_bs16_chunk30/wandb/wandb/offline-run-20260509_175239-cjbliup0/tmp/, depth:5, cost:1(ms)
2026/05/13 18:56:23 [info] [producer] list files start, path:/share/project/lvjing/vjepa2/starVLA/playground/Checkpoints/jepadit_galbot_g1_stack_bowl_3view_arms_delta_20k_bs16_chunk30/wandb/wandb/offline-run-20260509_175239-cjbliup0/wandb/, depth:5
2026/05/13 18:56:23 [info] [scanner] list files start, path:/share/project/lvjing/vjepa2/starVLA/playground/Checkpoints/jepadit_galbot_g1_stack_bowl_3view_arms_delta_20k_bs16_chunk30/wandb/wandb/offline-run-20260509_175239-cjbliup0/wandb/, depth:5
2026/05/13 18:56:23 [info] get file info list success, path:/share/project/lvjing/vjepa2/starVLA/playground/Checkpoints/jepadit_galbot_g1_stack_bowl_3view_arms_delta_20k_bs16_chunk30/wandb/wandb/offline-run-20260509_175239-cjbliup0/wandb/, fileNum:0, cost:0(ms)
2026/05/13 18:56:23 [info] [producer] list files finished, path:/share/project/lvjing/vjepa2/starVLA/playground/Checkpoints/jepadit_galbot_g1_stack_bowl_3view_arms_delta_20k_bs16_chunk30/wandb/wandb/offline-run-20260509_175239-cjbliup0/wandb/, depth:5, cost:1(ms)
2026/05/13 18:56:23 [info] [producer] list files start, path:/share/project/lvjing/vjepa2/starVLA/playground/Checkpoints/jepadit_galbot_g1_stack_bowl_3view_arms_delta_20k_bs16_chunk30/wandb/wandb/offline-run-20260509_175239-cjbliup0/tmp/code/, depth:6
2026/05/13 18:56:23 [info] get file info list success, path:/share/project/lvjing/vjepa2/starVLA/playground/Checkpoints/jepadit_galbot_g1_stack_bowl_3view_arms_delta_20k_bs16_chunk30/wandb/wandb/offline-run-20260509_175239-cjbliup0/wandb/, fileNum:0, cost:1(ms)
2026/05/13 18:56:23 [info] [scanner] list files finished, path:/share/project/lvjing/vjepa2/starVLA/playground/Checkpoints/jepadit_galbot_g1_stack_bowl_3view_arms_delta_20k_bs16_chunk30/wandb/wandb/offline-run-20260509_175239-cjbliup0/wandb/, depth:5, cost:1(ms)
2026/05/13 18:56:23 [info] [scanner] list files start, path:/share/project/lvjing/vjepa2/starVLA/playground/Checkpoints/jepadit_galbot_g1_stack_bowl_3view_arms_delta_20k_bs16_chunk30/wandb/wandb/offline-run-20260509_175239-cjbliup0/tmp/code/, depth:6
2026/05/13 18:56:23 [info] get file info list success, path:/share/project/lvjing/vjepa2/starVLA/playground/Checkpoints/jepadit_galbot_g1_stack_bowl_3view_arms_delta_20k_bs16_chunk30/wandb/wandb/offline-run-20260509_175239-cjbliup0/tmp/code/, fileNum:0, cost:0(ms)
2026/05/13 18:56:23 [info] [producer] list files finished, path:/share/project/lvjing/vjepa2/starVLA/playground/Checkpoints/jepadit_galbot_g1_stack_bowl_3view_arms_delta_20k_bs16_chunk30/wandb/wandb/offline-run-20260509_175239-cjbliup0/tmp/code/, depth:6, cost:0(ms)
2026/05/13 18:56:23 [info] get file info list success, path:/share/project/lvjing/vjepa2/starVLA/playground/Checkpoints/jepadit_galbot_g1_stack_bowl_3view_arms_delta_20k_bs16_chunk30/wandb/wandb/offline-run-20260509_175239-cjbliup0/tmp/code/, fileNum:0, cost:1(ms)
2026/05/13 18:56:23 [info] [scanner] list files finished, path:/share/project/lvjing/vjepa2/starVLA/playground/Checkpoints/jepadit_galbot_g1_stack_bowl_3view_arms_delta_20k_bs16_chunk30/wandb/wandb/offline-run-20260509_175239-cjbliup0/tmp/code/, depth:6, cost:1(ms)
2026/05/13 18:56:23 [info] [scanner] scan files finished, path:/share/project/lvjing/vjepa2/starVLA/playground/Checkpoints/jepadit_galbot_g1_stack_bowl_3view_arms_delta_20k_bs16_chunk30/, parallel:1, cost:21(ms)
2026/05/13 18:56:23 [info] [producer] produce files finished, path:/share/project/lvjing/vjepa2/starVLA/playground/Checkpoints/jepadit_galbot_g1_stack_bowl_3view_arms_delta_20k_bs16_chunk30/, parallel:1, cost:21(ms)
2026/05/13 18:56:23 [info] [upload] begin put object, filePath:/share/project/lvjing/vjepa2/starVLA/playground/Checkpoints/jepadit_galbot_g1_stack_bowl_3view_arms_delta_20k_bs16_chunk30/train.pid, objectKey:2026-05-11-lvjing-galbot-diewan/train.pid, fileSize:8
2026/05/13 18:56:23 [info] [upload] begin put dir object, filePath:/share/project/lvjing/vjepa2/starVLA/playground/Checkpoints/jepadit_galbot_g1_stack_bowl_3view_arms_delta_20k_bs16_chunk30/wandb/wandb/offline-run-20260509_175239-cjbliup0/, objectKey:2026-05-11-lvjing-galbot-diewan/wandb/wandb/offline-run-20260509_175239-cjbliup0/
2026/05/13 18:56:23 [info] [upload] begin put object, filePath:/share/project/lvjing/vjepa2/starVLA/playground/Checkpoints/jepadit_galbot_g1_stack_bowl_3view_arms_delta_20k_bs16_chunk30/config.full.yaml, objectKey:2026-05-11-lvjing-galbot-diewan/config.full.yaml, fileSize:2657
2026/05/13 18:56:23 [info] [upload] begin put object, filePath:/share/project/lvjing/vjepa2/starVLA/playground/Checkpoints/jepadit_galbot_g1_stack_bowl_3view_arms_delta_20k_bs16_chunk30/wandb/wandb/offline-run-20260509_175239-cjbliup0/run-cjbliup0.wandb.synced, objectKey:2026-05-11-lvjing-galbot-diewan/wandb/wandb/offline-run-20260509_175239-cjbliup0/run-cjbliup0.wandb.synced, fileSize:0
2026/05/13 18:56:23 [info] [upload] begin put object, filePath:/share/project/lvjing/vjepa2/starVLA/playground/Checkpoints/jepadit_galbot_g1_stack_bowl_3view_arms_delta_20k_bs16_chunk30/wandb/wandb/offline-run-20260509_175239-cjbliup0/files/output.log, objectKey:2026-05-11-lvjing-galbot-diewan/wandb/wandb/offline-run-20260509_175239-cjbliup0/files/output.log, fileSize:838367
2026/05/13 18:56:23 [info] [upload] begin put object, filePath:/share/project/lvjing/vjepa2/starVLA/playground/Checkpoints/jepadit_galbot_g1_stack_bowl_3view_arms_delta_20k_bs16_chunk30/wandb/wandb/offline-run-20260509_175239-cjbliup0/files/config.yaml, objectKey:2026-05-11-lvjing-galbot-diewan/wandb/wandb/offline-run-20260509_175239-cjbliup0/files/config.yaml, fileSize:3975
2026/05/13 18:56:23 [info] [upload] begin put dir object, filePath:/share/project/lvjing/vjepa2/starVLA/playground/Checkpoints/jepadit_galbot_g1_stack_bowl_3view_arms_delta_20k_bs16_chunk30/wandb/wandb/offline-run-20260509_175239-cjbliup0/wandb/, objectKey:2026-05-11-lvjing-galbot-diewan/wandb/wandb/offline-run-20260509_175239-cjbliup0/wandb/
2026/05/13 18:56:23 [info] [upload] begin put dir object, filePath:/share/project/lvjing/vjepa2/starVLA/playground/Checkpoints/jepadit_galbot_g1_stack_bowl_3view_arms_delta_20k_bs16_chunk30/wandb/wandb/offline-run-20260509_175239-cjbliup0/tmp/, objectKey:2026-05-11-lvjing-galbot-diewan/wandb/wandb/offline-run-20260509_175239-cjbliup0/tmp/
2026/05/13 18:56:23 [info] [upload] begin multipart upload, filePath:/share/project/lvjing/vjepa2/starVLA/playground/Checkpoints/jepadit_galbot_g1_stack_bowl_3view_arms_delta_20k_bs16_chunk30/checkpoints/steps_15000_pytorch_model.pt, objectKey:2026-05-11-lvjing-galbot-diewan/checkpoints/steps_15000_pytorch_model.pt, fileSize:3991691930, partSize:20971520, parallel:8
2026/05/13 18:56:23 [info] [upload] begin put dir object, filePath:/share/project/lvjing/vjepa2/starVLA/playground/Checkpoints/jepadit_galbot_g1_stack_bowl_3view_arms_delta_20k_bs16_chunk30/wandb/wandb/offline-run-20260509_175239-cjbliup0/logs/, objectKey:2026-05-11-lvjing-galbot-diewan/wandb/wandb/offline-run-20260509_175239-cjbliup0/logs/
2026/05/13 18:56:23 [info] [upload] begin put object, filePath:/share/project/lvjing/vjepa2/starVLA/playground/Checkpoints/jepadit_galbot_g1_stack_bowl_3view_arms_delta_20k_bs16_chunk30/train.log, objectKey:2026-05-11-lvjing-galbot-diewan/train.log, fileSize:5681013
2026/05/13 18:56:23 [info] [upload] begin put object, filePath:/share/project/lvjing/vjepa2/starVLA/playground/Checkpoints/jepadit_galbot_g1_stack_bowl_3view_arms_delta_20k_bs16_chunk30/run_jepadit_train_galbot.sh, objectKey:2026-05-11-lvjing-galbot-diewan/run_jepadit_train_galbot.sh, fileSize:1822
2026/05/13 18:56:23 [info] [upload] begin put object, filePath:/share/project/lvjing/vjepa2/starVLA/playground/Checkpoints/jepadit_galbot_g1_stack_bowl_3view_arms_delta_20k_bs16_chunk30/wandb/wandb/offline-run-20260509_175239-cjbliup0/logs/debug-internal.log, objectKey:2026-05-11-lvjing-galbot-diewan/wandb/wandb/offline-run-20260509_175239-cjbliup0/logs/debug-internal.log, fileSize:1499
2026/05/13 18:56:23 [info] [upload] begin put object, filePath:/share/project/lvjing/vjepa2/starVLA/playground/Checkpoints/jepadit_galbot_g1_stack_bowl_3view_arms_delta_20k_bs16_chunk30/wandb/wandb/debug.log, objectKey:2026-05-11-lvjing-galbot-diewan/wandb/wandb/debug.log, fileSize:0
2026/05/13 18:56:23 [info] [upload] begin put object, filePath:/share/project/lvjing/vjepa2/starVLA/playground/Checkpoints/jepadit_galbot_g1_stack_bowl_3view_arms_delta_20k_bs16_chunk30/.ms_upload_cache, objectKey:2026-05-11-lvjing-galbot-diewan/.ms_upload_cache, fileSize:5174
2026/05/13 18:56:23 [info] [upload] begin put object, filePath:/share/project/lvjing/vjepa2/starVLA/playground/Checkpoints/jepadit_galbot_g1_stack_bowl_3view_arms_delta_20k_bs16_chunk30/summary.jsonl, objectKey:2026-05-11-lvjing-galbot-diewan/summary.jsonl, fileSize:67
2026/05/13 18:56:23 [info] [upload] begin put object, filePath:/share/project/lvjing/vjepa2/starVLA/playground/Checkpoints/jepadit_galbot_g1_stack_bowl_3view_arms_delta_20k_bs16_chunk30/wandb/wandb/offline-run-20260509_175239-cjbliup0/files/wandb-summary.json, objectKey:2026-05-11-lvjing-galbot-diewan/wandb/wandb/offline-run-20260509_175239-cjbliup0/files/wandb-summary.json, fileSize:265
2026/05/13 18:56:23 [info] [upload] begin put object, filePath:/share/project/lvjing/vjepa2/starVLA/playground/Checkpoints/jepadit_galbot_g1_stack_bowl_3view_arms_delta_20k_bs16_chunk30/wandb/wandb/offline-run-20260509_175239-cjbliup0/logs/debug-core.log, objectKey:2026-05-11-lvjing-galbot-diewan/wandb/wandb/offline-run-20260509_175239-cjbliup0/logs/debug-core.log, fileSize:2214
2026/05/13 18:56:23 [info] [upload] begin put dir object, filePath:/share/project/lvjing/vjepa2/starVLA/playground/Checkpoints/jepadit_galbot_g1_stack_bowl_3view_arms_delta_20k_bs16_chunk30/checkpoints/, objectKey:2026-05-11-lvjing-galbot-diewan/checkpoints/
2026/05/13 18:56:23 [info] [upload] begin put object, filePath:/share/project/lvjing/vjepa2/starVLA/playground/Checkpoints/jepadit_galbot_g1_stack_bowl_3view_arms_delta_20k_bs16_chunk30/wandb/wandb/offline-run-20260509_175239-cjbliup0/run-cjbliup0.wandb, objectKey:2026-05-11-lvjing-galbot-diewan/wandb/wandb/offline-run-20260509_175239-cjbliup0/run-cjbliup0.wandb, fileSize:12354450
2026/05/13 18:56:23 [info] [upload] begin put object, filePath:/share/project/lvjing/vjepa2/starVLA/playground/Checkpoints/jepadit_galbot_g1_stack_bowl_3view_arms_delta_20k_bs16_chunk30/wandb/wandb/offline-run-20260509_175239-cjbliup0/logs/debug.log, objectKey:2026-05-11-lvjing-galbot-diewan/wandb/wandb/offline-run-20260509_175239-cjbliup0/logs/debug.log, fileSize:0
2026/05/13 18:56:23 [info] [upload] begin put dir object, filePath:/share/project/lvjing/vjepa2/starVLA/playground/Checkpoints/jepadit_galbot_g1_stack_bowl_3view_arms_delta_20k_bs16_chunk30/wandb/wandb/offline-run-20260509_175239-cjbliup0/files/, objectKey:2026-05-11-lvjing-galbot-diewan/wandb/wandb/offline-run-20260509_175239-cjbliup0/files/
2026/05/13 18:56:23 [info] [upload] begin put dir object, filePath:/share/project/lvjing/vjepa2/starVLA/playground/Checkpoints/jepadit_galbot_g1_stack_bowl_3view_arms_delta_20k_bs16_chunk30/wandb/wandb/offline-run-20260509_175239-cjbliup0/tmp/code/, objectKey:2026-05-11-lvjing-galbot-diewan/wandb/wandb/offline-run-20260509_175239-cjbliup0/tmp/code/
2026/05/13 18:56:23 [info] [upload] begin put dir object, filePath:/share/project/lvjing/vjepa2/starVLA/playground/Checkpoints/jepadit_galbot_g1_stack_bowl_3view_arms_delta_20k_bs16_chunk30/final_model/, objectKey:2026-05-11-lvjing-galbot-diewan/final_model/
2026/05/13 18:56:23 [info] [upload] begin put dir object, filePath:/share/project/lvjing/vjepa2/starVLA/playground/Checkpoints/jepadit_galbot_g1_stack_bowl_3view_arms_delta_20k_bs16_chunk30/wandb/wandb/, objectKey:2026-05-11-lvjing-galbot-diewan/wandb/wandb/
2026/05/13 18:56:23 [info] [upload] begin put object, filePath:/share/project/lvjing/vjepa2/starVLA/playground/Checkpoints/jepadit_galbot_g1_stack_bowl_3view_arms_delta_20k_bs16_chunk30/wandb/wandb/offline-run-20260509_175239-cjbliup0/files/wandb-metadata.json, objectKey:2026-05-11-lvjing-galbot-diewan/wandb/wandb/offline-run-20260509_175239-cjbliup0/files/wandb-metadata.json, fileSize:2871
2026/05/13 18:56:23 [info] [upload] begin put object, filePath:/share/project/lvjing/vjepa2/starVLA/playground/Checkpoints/jepadit_galbot_g1_stack_bowl_3view_arms_delta_20k_bs16_chunk30/launch_train.sh, objectKey:2026-05-11-lvjing-galbot-diewan/launch_train.sh, fileSize:446
2026/05/13 18:56:23 [info] [upload] begin put object, filePath:/share/project/lvjing/vjepa2/starVLA/playground/Checkpoints/jepadit_galbot_g1_stack_bowl_3view_arms_delta_20k_bs16_chunk30/config.yaml, objectKey:2026-05-11-lvjing-galbot-diewan/config.yaml, fileSize:2269
2026/05/13 18:56:23 [info] [upload] begin put object, filePath:/share/project/lvjing/vjepa2/starVLA/playground/Checkpoints/jepadit_galbot_g1_stack_bowl_3view_arms_delta_20k_bs16_chunk30/dataset_statistics.json, objectKey:2026-05-11-lvjing-galbot-diewan/dataset_statistics.json, fileSize:5882
2026/05/13 18:56:23 [info] [upload] begin multipart upload, filePath:/share/project/lvjing/vjepa2/starVLA/playground/Checkpoints/jepadit_galbot_g1_stack_bowl_3view_arms_delta_20k_bs16_chunk30/final_model/pytorch_model.pt, objectKey:2026-05-11-lvjing-galbot-diewan/final_model/pytorch_model.pt, fileSize:3991681762, partSize:20971520, parallel:8
2026/05/13 18:56:23 [info] [upload] begin multipart upload, filePath:/share/project/lvjing/vjepa2/starVLA/playground/Checkpoints/jepadit_galbot_g1_stack_bowl_3view_arms_delta_20k_bs16_chunk30/checkpoints/steps_20000_pytorch_model.pt, objectKey:2026-05-11-lvjing-galbot-diewan/checkpoints/steps_20000_pytorch_model.pt, fileSize:3991691930, partSize:20971520, parallel:8
2026/05/13 18:56:23 [info] [upload] begin put dir object, filePath:/share/project/lvjing/vjepa2/starVLA/playground/Checkpoints/jepadit_galbot_g1_stack_bowl_3view_arms_delta_20k_bs16_chunk30/wandb/, objectKey:2026-05-11-lvjing-galbot-diewan/wandb/
2026/05/13 18:56:23 [info] [upload] begin put object, filePath:/share/project/lvjing/vjepa2/starVLA/playground/Checkpoints/jepadit_galbot_g1_stack_bowl_3view_arms_delta_20k_bs16_chunk30/wandb/wandb/offline-run-20260509_175239-cjbliup0/files/requirements.txt, objectKey:2026-05-11-lvjing-galbot-diewan/wandb/wandb/offline-run-20260509_175239-cjbliup0/files/requirements.txt, fileSize:4064
2026/05/13 18:56:23 [info] [upload] begin put object, filePath:/share/project/lvjing/vjepa2/starVLA/playground/Checkpoints/jepadit_galbot_g1_stack_bowl_3view_arms_delta_20k_bs16_chunk30/wandb/wandb/debug-internal.log, objectKey:2026-05-11-lvjing-galbot-diewan/wandb/wandb/debug-internal.log, fileSize:1499
2026/05/13 18:56:23 [info] [upload] upload file success, filePath:/share/project/lvjing/vjepa2/starVLA/playground/Checkpoints/jepadit_galbot_g1_stack_bowl_3view_arms_delta_20k_bs16_chunk30/wandb/wandb/offline-run-20260509_175239-cjbliup0/run-cjbliup0.wandb.synced, objectKey:2026-05-11-lvjing-galbot-diewan/wandb/wandb/offline-run-20260509_175239-cjbliup0/run-cjbliup0.wandb.synced, size:0, speed:0.00B/s, cost:76(ms)
2026/05/13 18:56:23 [info] [upload] upload file success, filePath:/share/project/lvjing/vjepa2/starVLA/playground/Checkpoints/jepadit_galbot_g1_stack_bowl_3view_arms_delta_20k_bs16_chunk30/wandb/wandb/offline-run-20260509_175239-cjbliup0/wandb/, objectKey:2026-05-11-lvjing-galbot-diewan/wandb/wandb/offline-run-20260509_175239-cjbliup0/wandb/, size:4096, speed:50.63KB/s, cost:79(ms)
2026/05/13 18:56:23 [info] [upload] upload file success, filePath:/share/project/lvjing/vjepa2/starVLA/playground/Checkpoints/jepadit_galbot_g1_stack_bowl_3view_arms_delta_20k_bs16_chunk30/.ms_upload_cache, objectKey:2026-05-11-lvjing-galbot-diewan/.ms_upload_cache, size:5174, speed:56.77KB/s, cost:89(ms)
2026/05/13 18:56:23 [info] [upload] upload file success, filePath:/share/project/lvjing/vjepa2/starVLA/playground/Checkpoints/jepadit_galbot_g1_stack_bowl_3view_arms_delta_20k_bs16_chunk30/wandb/wandb/debug.log, objectKey:2026-05-11-lvjing-galbot-diewan/wandb/wandb/debug.log, size:0, speed:0.00B/s, cost:85(ms)
2026/05/13 18:56:23 [info] [upload] upload file success, filePath:/share/project/lvjing/vjepa2/starVLA/playground/Checkpoints/jepadit_galbot_g1_stack_bowl_3view_arms_delta_20k_bs16_chunk30/wandb/, objectKey:2026-05-11-lvjing-galbot-diewan/wandb/, size:8192, speed:88.89KB/s, cost:90(ms)
2026/05/13 18:56:23 [info] [upload] upload file success, filePath:/share/project/lvjing/vjepa2/starVLA/playground/Checkpoints/jepadit_galbot_g1_stack_bowl_3view_arms_delta_20k_bs16_chunk30/wandb/wandb/offline-run-20260509_175239-cjbliup0/logs/debug-core.log, objectKey:2026-05-11-lvjing-galbot-diewan/wandb/wandb/offline-run-20260509_175239-cjbliup0/logs/debug-core.log, size:2214, speed:26.69KB/s, cost:81(ms)
2026/05/13 18:56:23 [info] [upload] upload file success, filePath:/share/project/lvjing/vjepa2/starVLA/playground/Checkpoints/jepadit_galbot_g1_stack_bowl_3view_arms_delta_20k_bs16_chunk30/final_model/, objectKey:2026-05-11-lvjing-galbot-diewan/final_model/, size:4096, speed:43.48KB/s, cost:92(ms)
2026/05/13 18:56:23 [info] [upload] upload file success, filePath:/share/project/lvjing/vjepa2/starVLA/playground/Checkpoints/jepadit_galbot_g1_stack_bowl_3view_arms_delta_20k_bs16_chunk30/launch_train.sh, objectKey:2026-05-11-lvjing-galbot-diewan/launch_train.sh, size:446, speed:4.68KB/s, cost:93(ms)
2026/05/13 18:56:23 [info] [upload] upload file success, filePath:/share/project/lvjing/vjepa2/starVLA/playground/Checkpoints/jepadit_galbot_g1_stack_bowl_3view_arms_delta_20k_bs16_chunk30/wandb/wandb/offline-run-20260509_175239-cjbliup0/logs/debug.log, objectKey:2026-05-11-lvjing-galbot-diewan/wandb/wandb/offline-run-20260509_175239-cjbliup0/logs/debug.log, size:0, speed:0.00B/s, cost:85(ms)
2026/05/13 18:56:23 [info] [upload] upload file success, filePath:/share/project/lvjing/vjepa2/starVLA/playground/Checkpoints/jepadit_galbot_g1_stack_bowl_3view_arms_delta_20k_bs16_chunk30/wandb/wandb/offline-run-20260509_175239-cjbliup0/files/, objectKey:2026-05-11-lvjing-galbot-diewan/wandb/wandb/offline-run-20260509_175239-cjbliup0/files/, size:8192, speed:91.95KB/s, cost:87(ms)
2026/05/13 18:56:23 [info] [upload] upload file success, filePath:/share/project/lvjing/vjepa2/starVLA/playground/Checkpoints/jepadit_galbot_g1_stack_bowl_3view_arms_delta_20k_bs16_chunk30/checkpoints/, objectKey:2026-05-11-lvjing-galbot-diewan/checkpoints/, size:8192, speed:85.11KB/s, cost:94(ms)
2026/05/13 18:56:23 [info] [upload] upload file success, filePath:/share/project/lvjing/vjepa2/starVLA/playground/Checkpoints/jepadit_galbot_g1_stack_bowl_3view_arms_delta_20k_bs16_chunk30/wandb/wandb/, objectKey:2026-05-11-lvjing-galbot-diewan/wandb/wandb/, size:8192, speed:88.89KB/s, cost:90(ms)
2026/05/13 18:56:23 [info] [upload] upload file success, filePath:/share/project/lvjing/vjepa2/starVLA/playground/Checkpoints/jepadit_galbot_g1_stack_bowl_3view_arms_delta_20k_bs16_chunk30/train.pid, objectKey:2026-05-11-lvjing-galbot-diewan/train.pid, size:8, speed:85.11B/s, cost:94(ms)
2026/05/13 18:56:23 [info] [upload] upload file success, filePath:/share/project/lvjing/vjepa2/starVLA/playground/Checkpoints/jepadit_galbot_g1_stack_bowl_3view_arms_delta_20k_bs16_chunk30/wandb/wandb/offline-run-20260509_175239-cjbliup0/logs/, objectKey:2026-05-11-lvjing-galbot-diewan/wandb/wandb/offline-run-20260509_175239-cjbliup0/logs/, size:8192, speed:88.89KB/s, cost:90(ms)
2026/05/13 18:56:23 [info] [upload] upload file success, filePath:/share/project/lvjing/vjepa2/starVLA/playground/Checkpoints/jepadit_galbot_g1_stack_bowl_3view_arms_delta_20k_bs16_chunk30/wandb/wandb/offline-run-20260509_175239-cjbliup0/tmp/code/, objectKey:2026-05-11-lvjing-galbot-diewan/wandb/wandb/offline-run-20260509_175239-cjbliup0/tmp/code/, size:4096, speed:45.98KB/s, cost:87(ms)
2026/05/13 18:56:23 [info] [upload] upload file success, filePath:/share/project/lvjing/vjepa2/starVLA/playground/Checkpoints/jepadit_galbot_g1_stack_bowl_3view_arms_delta_20k_bs16_chunk30/run_jepadit_train_galbot.sh, objectKey:2026-05-11-lvjing-galbot-diewan/run_jepadit_train_galbot.sh, size:1822, speed:18.34KB/s, cost:97(ms)
2026/05/13 18:56:23 [info] [upload] upload file success, filePath:/share/project/lvjing/vjepa2/starVLA/playground/Checkpoints/jepadit_galbot_g1_stack_bowl_3view_arms_delta_20k_bs16_chunk30/wandb/wandb/debug-internal.log, objectKey:2026-05-11-lvjing-galbot-diewan/wandb/wandb/debug-internal.log, size:1499, speed:15.91KB/s, cost:92(ms)
2026/05/13 18:56:23 [info] [upload] upload file success, filePath:/share/project/lvjing/vjepa2/starVLA/playground/Checkpoints/jepadit_galbot_g1_stack_bowl_3view_arms_delta_20k_bs16_chunk30/wandb/wandb/offline-run-20260509_175239-cjbliup0/files/wandb-metadata.json, objectKey:2026-05-11-lvjing-galbot-diewan/wandb/wandb/offline-run-20260509_175239-cjbliup0/files/wandb-metadata.json, size:2871, speed:30.81KB/s, cost:91(ms)
2026/05/13 18:56:23 [info] [upload] upload file success, filePath:/share/project/lvjing/vjepa2/starVLA/playground/Checkpoints/jepadit_galbot_g1_stack_bowl_3view_arms_delta_20k_bs16_chunk30/wandb/wandb/offline-run-20260509_175239-cjbliup0/files/config.yaml, objectKey:2026-05-11-lvjing-galbot-diewan/wandb/wandb/offline-run-20260509_175239-cjbliup0/files/config.yaml, size:3975, speed:42.66KB/s, cost:91(ms)
2026/05/13 18:56:23 [info] [upload] upload file success, filePath:/share/project/lvjing/vjepa2/starVLA/playground/Checkpoints/jepadit_galbot_g1_stack_bowl_3view_arms_delta_20k_bs16_chunk30/wandb/wandb/offline-run-20260509_175239-cjbliup0/, objectKey:2026-05-11-lvjing-galbot-diewan/wandb/wandb/offline-run-20260509_175239-cjbliup0/, size:8192, speed:85.11KB/s, cost:94(ms)
2026/05/13 18:56:23 [info] [upload] upload file success, filePath:/share/project/lvjing/vjepa2/starVLA/playground/Checkpoints/jepadit_galbot_g1_stack_bowl_3view_arms_delta_20k_bs16_chunk30/config.yaml, objectKey:2026-05-11-lvjing-galbot-diewan/config.yaml, size:2269, speed:22.38KB/s, cost:99(ms)
2026/05/13 18:56:23 [info] [upload] upload file success, filePath:/share/project/lvjing/vjepa2/starVLA/playground/Checkpoints/jepadit_galbot_g1_stack_bowl_3view_arms_delta_20k_bs16_chunk30/dataset_statistics.json, objectKey:2026-05-11-lvjing-galbot-diewan/dataset_statistics.json, size:5882, speed:58.02KB/s, cost:99(ms)
2026/05/13 18:56:23 [info] [upload] upload file success, filePath:/share/project/lvjing/vjepa2/starVLA/playground/Checkpoints/jepadit_galbot_g1_stack_bowl_3view_arms_delta_20k_bs16_chunk30/config.full.yaml, objectKey:2026-05-11-lvjing-galbot-diewan/config.full.yaml, size:2657, speed:25.69KB/s, cost:101(ms)
2026/05/13 18:56:23 [info] [upload] upload file success, filePath:/share/project/lvjing/vjepa2/starVLA/playground/Checkpoints/jepadit_galbot_g1_stack_bowl_3view_arms_delta_20k_bs16_chunk30/wandb/wandb/offline-run-20260509_175239-cjbliup0/files/wandb-summary.json, objectKey:2026-05-11-lvjing-galbot-diewan/wandb/wandb/offline-run-20260509_175239-cjbliup0/files/wandb-summary.json, size:265, speed:2.70KB/s, cost:96(ms)
2026/05/13 18:56:23 [info] [upload] upload file success, filePath:/share/project/lvjing/vjepa2/starVLA/playground/Checkpoints/jepadit_galbot_g1_stack_bowl_3view_arms_delta_20k_bs16_chunk30/wandb/wandb/offline-run-20260509_175239-cjbliup0/tmp/, objectKey:2026-05-11-lvjing-galbot-diewan/wandb/wandb/offline-run-20260509_175239-cjbliup0/tmp/, size:4096, speed:41.24KB/s, cost:97(ms)
2026/05/13 18:56:23 [info] [upload] upload file success, filePath:/share/project/lvjing/vjepa2/starVLA/playground/Checkpoints/jepadit_galbot_g1_stack_bowl_3view_arms_delta_20k_bs16_chunk30/summary.jsonl, objectKey:2026-05-11-lvjing-galbot-diewan/summary.jsonl, size:67, speed:632.08B/s, cost:106(ms)
2026/05/13 18:56:23 [info] [upload] upload file success, filePath:/share/project/lvjing/vjepa2/starVLA/playground/Checkpoints/jepadit_galbot_g1_stack_bowl_3view_arms_delta_20k_bs16_chunk30/wandb/wandb/offline-run-20260509_175239-cjbliup0/logs/debug-internal.log, objectKey:2026-05-11-lvjing-galbot-diewan/wandb/wandb/offline-run-20260509_175239-cjbliup0/logs/debug-internal.log, size:1499, speed:14.49KB/s, cost:101(ms)
2026/05/13 18:56:23 [info] [upload] upload file success, filePath:/share/project/lvjing/vjepa2/starVLA/playground/Checkpoints/jepadit_galbot_g1_stack_bowl_3view_arms_delta_20k_bs16_chunk30/wandb/wandb/offline-run-20260509_175239-cjbliup0/files/output.log, objectKey:2026-05-11-lvjing-galbot-diewan/wandb/wandb/offline-run-20260509_175239-cjbliup0/files/output.log, size:838367, speed:7.27MB/s, cost:110(ms)
2026/05/13 18:56:23 [info] [upload] upload file success, filePath:/share/project/lvjing/vjepa2/starVLA/playground/Checkpoints/jepadit_galbot_g1_stack_bowl_3view_arms_delta_20k_bs16_chunk30/wandb/wandb/offline-run-20260509_175239-cjbliup0/files/requirements.txt, objectKey:2026-05-11-lvjing-galbot-diewan/wandb/wandb/offline-run-20260509_175239-cjbliup0/files/requirements.txt, size:4064, speed:31.01KB/s, cost:128(ms)
2026/05/13 18:56:23 [info] [upload] upload file success, filePath:/share/project/lvjing/vjepa2/starVLA/playground/Checkpoints/jepadit_galbot_g1_stack_bowl_3view_arms_delta_20k_bs16_chunk30/train.log, objectKey:2026-05-11-lvjing-galbot-diewan/train.log, size:5681013, speed:14.84MB/s, cost:365(ms)
2026/05/13 18:56:24 [info] [upload] upload file success, filePath:/share/project/lvjing/vjepa2/starVLA/playground/Checkpoints/jepadit_galbot_g1_stack_bowl_3view_arms_delta_20k_bs16_chunk30/wandb/wandb/offline-run-20260509_175239-cjbliup0/run-cjbliup0.wandb, objectKey:2026-05-11-lvjing-galbot-diewan/wandb/wandb/offline-run-20260509_175239-cjbliup0/run-cjbliup0.wandb, size:12354450, speed:21.19MB/s, cost:556(ms)
2026/05/13 18:56:43 [info] [upload] upload file success, filePath:/share/project/lvjing/vjepa2/starVLA/playground/Checkpoints/jepadit_galbot_g1_stack_bowl_3view_arms_delta_20k_bs16_chunk30/final_model/pytorch_model.pt, objectKey:2026-05-11-lvjing-galbot-diewan/final_model/pytorch_model.pt, size:3991681762, speed:189.33MB/s, cost:20107(ms)
2026/05/13 18:56:43 [info] [upload] upload file success, filePath:/share/project/lvjing/vjepa2/starVLA/playground/Checkpoints/jepadit_galbot_g1_stack_bowl_3view_arms_delta_20k_bs16_chunk30/checkpoints/steps_20000_pytorch_model.pt, objectKey:2026-05-11-lvjing-galbot-diewan/checkpoints/steps_20000_pytorch_model.pt, size:3991691930, speed:187.42MB/s, cost:20312(ms)
2026/05/13 18:56:44 [info] [upload] upload file success, filePath:/share/project/lvjing/vjepa2/starVLA/playground/Checkpoints/jepadit_galbot_g1_stack_bowl_3view_arms_delta_20k_bs16_chunk30/checkpoints/steps_15000_pytorch_model.pt, objectKey:2026-05-11-lvjing-galbot-diewan/checkpoints/steps_15000_pytorch_model.pt, size:3991691930, speed:184.92MB/s, cost:20586(ms)
2026/05/13 18:56:44 [info] Task id: 9dd54120-bf76-45bf-809f-705fb049d063
2026/05/13 18:56:44 [info] average speed 552.90MB/s
2026/05/13 18:56:44 [info] remove checkpoint dir, path:.ks3util_checkpoint
2026/05/13 18:56:44 [info] ks3util run end,cost:20703(ms).
2026/05/15 11:20:37 [info] ks3util run begin,cmd:/share/project/zhangningboo/ks3_internal/ks3util-linux-amd64 -c /share/project/zhangningboo/ks3_internal/ks3util-config -r -u --proxy http://10.8.36.21:2080 --read-timeout 6 --jobs=64 cp /share/project/lvjing/vjepa2/starVLA/playground/Checkpoints/jepadit_galbot_g1_stack_bowl_3view_openpi_stats_20k_bs16_chunk30 ks3://baai-emllm/2026-05-15-lvjing-diewan
2026/05/15 11:20:37 [info] ks3util version is 2.12.0
2026/05/15 11:20:37 [info] ks3 go sdk version is v1.2.5
2026/05/15 11:20:37 [info] go version is go1.23.4
2026/05/15 11:20:37 [info] runtime.NumCPU is 192
2026/05/15 11:20:37 [info] logLevel is info
2026/05/15 11:20:37 [info] accessKeyID: AKLTsHYVpPELRCS0m46jnAfO
2026/05/15 11:20:37 [info] create checkpoint dir, path:.ks3util_checkpoint
2026/05/15 11:20:37 [info] [upload] begin uploadFiles
2026/05/15 11:20:37 [info] [upload] upload files, routine count:64, multipart size threshold:104857600
2026/05/15 11:20:37 [info] [scanner] scan files start, path:/share/project/lvjing/vjepa2/starVLA/playground/Checkpoints/jepadit_galbot_g1_stack_bowl_3view_openpi_stats_20k_bs16_chunk30/, listType:1, listMethod:Readdir
2026/05/15 11:20:37 [info] [scanner] init thread pool, parallel:1
2026/05/15 11:20:37 [info] [scanner] list files start, path:/share/project/lvjing/vjepa2/starVLA/playground/Checkpoints/jepadit_galbot_g1_stack_bowl_3view_openpi_stats_20k_bs16_chunk30/, depth:1
2026/05/15 11:20:37 [info] [producer] produce files start, path:/share/project/lvjing/vjepa2/starVLA/playground/Checkpoints/jepadit_galbot_g1_stack_bowl_3view_openpi_stats_20k_bs16_chunk30/, listType:1, listMethod:Readdir
2026/05/15 11:20:37 [info] [producer] init thread pool, parallel:1
2026/05/15 11:20:37 [info] [producer] list files start, path:/share/project/lvjing/vjepa2/starVLA/playground/Checkpoints/jepadit_galbot_g1_stack_bowl_3view_openpi_stats_20k_bs16_chunk30/, depth:1
2026/05/15 11:20:37 [info] get file info list success, path:/share/project/lvjing/vjepa2/starVLA/playground/Checkpoints/jepadit_galbot_g1_stack_bowl_3view_openpi_stats_20k_bs16_chunk30/, fileNum:11, cost:2(ms)
2026/05/15 11:20:37 [info] [scanner] list files finished, path:/share/project/lvjing/vjepa2/starVLA/playground/Checkpoints/jepadit_galbot_g1_stack_bowl_3view_openpi_stats_20k_bs16_chunk30/, depth:1, cost:2(ms)
2026/05/15 11:20:37 [info] [scanner] list files start, path:/share/project/lvjing/vjepa2/starVLA/playground/Checkpoints/jepadit_galbot_g1_stack_bowl_3view_openpi_stats_20k_bs16_chunk30/checkpoints/, depth:2
2026/05/15 11:20:37 [info] get file info list success, path:/share/project/lvjing/vjepa2/starVLA/playground/Checkpoints/jepadit_galbot_g1_stack_bowl_3view_openpi_stats_20k_bs16_chunk30/, fileNum:11, cost:1(ms)
2026/05/15 11:20:37 [info] [producer] list files finished, path:/share/project/lvjing/vjepa2/starVLA/playground/Checkpoints/jepadit_galbot_g1_stack_bowl_3view_openpi_stats_20k_bs16_chunk30/, depth:1, cost:3(ms)
2026/05/15 11:20:37 [info] [producer] list files start, path:/share/project/lvjing/vjepa2/starVLA/playground/Checkpoints/jepadit_galbot_g1_stack_bowl_3view_openpi_stats_20k_bs16_chunk30/checkpoints/, depth:2
2026/05/15 11:20:37 [info] get file info list success, path:/share/project/lvjing/vjepa2/starVLA/playground/Checkpoints/jepadit_galbot_g1_stack_bowl_3view_openpi_stats_20k_bs16_chunk30/checkpoints/, fileNum:2, cost:1(ms)
2026/05/15 11:20:37 [info] [scanner] list files finished, path:/share/project/lvjing/vjepa2/starVLA/playground/Checkpoints/jepadit_galbot_g1_stack_bowl_3view_openpi_stats_20k_bs16_chunk30/checkpoints/, depth:2, cost:1(ms)
2026/05/15 11:20:37 [info] [scanner] list files start, path:/share/project/lvjing/vjepa2/starVLA/playground/Checkpoints/jepadit_galbot_g1_stack_bowl_3view_openpi_stats_20k_bs16_chunk30/final_model/, depth:2
2026/05/15 11:20:37 [info] get file info list success, path:/share/project/lvjing/vjepa2/starVLA/playground/Checkpoints/jepadit_galbot_g1_stack_bowl_3view_openpi_stats_20k_bs16_chunk30/checkpoints/, fileNum:2, cost:0(ms)
2026/05/15 11:20:37 [info] [producer] list files finished, path:/share/project/lvjing/vjepa2/starVLA/playground/Checkpoints/jepadit_galbot_g1_stack_bowl_3view_openpi_stats_20k_bs16_chunk30/checkpoints/, depth:2, cost:0(ms)
2026/05/15 11:20:37 [info] [producer] list files start, path:/share/project/lvjing/vjepa2/starVLA/playground/Checkpoints/jepadit_galbot_g1_stack_bowl_3view_openpi_stats_20k_bs16_chunk30/final_model/, depth:2
2026/05/15 11:20:37 [info] get file info list success, path:/share/project/lvjing/vjepa2/starVLA/playground/Checkpoints/jepadit_galbot_g1_stack_bowl_3view_openpi_stats_20k_bs16_chunk30/final_model/, fileNum:1, cost:1(ms)
2026/05/15 11:20:37 [info] get file info list success, path:/share/project/lvjing/vjepa2/starVLA/playground/Checkpoints/jepadit_galbot_g1_stack_bowl_3view_openpi_stats_20k_bs16_chunk30/final_model/, fileNum:1, cost:1(ms)
2026/05/15 11:20:37 [info] [producer] list files finished, path:/share/project/lvjing/vjepa2/starVLA/playground/Checkpoints/jepadit_galbot_g1_stack_bowl_3view_openpi_stats_20k_bs16_chunk30/final_model/, depth:2, cost:1(ms)
2026/05/15 11:20:37 [info] [producer] list files start, path:/share/project/lvjing/vjepa2/starVLA/playground/Checkpoints/jepadit_galbot_g1_stack_bowl_3view_openpi_stats_20k_bs16_chunk30/wandb/, depth:2
2026/05/15 11:20:37 [info] [scanner] list files finished, path:/share/project/lvjing/vjepa2/starVLA/playground/Checkpoints/jepadit_galbot_g1_stack_bowl_3view_openpi_stats_20k_bs16_chunk30/final_model/, depth:2, cost:1(ms)
2026/05/15 11:20:37 [info] [scanner] list files start, path:/share/project/lvjing/vjepa2/starVLA/playground/Checkpoints/jepadit_galbot_g1_stack_bowl_3view_openpi_stats_20k_bs16_chunk30/wandb/, depth:2
2026/05/15 11:20:37 [info] get file info list success, path:/share/project/lvjing/vjepa2/starVLA/playground/Checkpoints/jepadit_galbot_g1_stack_bowl_3view_openpi_stats_20k_bs16_chunk30/wandb/, fileNum:1, cost:1(ms)
2026/05/15 11:20:37 [info] [scanner] list files finished, path:/share/project/lvjing/vjepa2/starVLA/playground/Checkpoints/jepadit_galbot_g1_stack_bowl_3view_openpi_stats_20k_bs16_chunk30/wandb/, depth:2, cost:1(ms)
2026/05/15 11:20:37 [info] [scanner] list files start, path:/share/project/lvjing/vjepa2/starVLA/playground/Checkpoints/jepadit_galbot_g1_stack_bowl_3view_openpi_stats_20k_bs16_chunk30/wandb/wandb/, depth:3
2026/05/15 11:20:37 [info] get file info list success, path:/share/project/lvjing/vjepa2/starVLA/playground/Checkpoints/jepadit_galbot_g1_stack_bowl_3view_openpi_stats_20k_bs16_chunk30/wandb/, fileNum:1, cost:1(ms)
2026/05/15 11:20:37 [info] [producer] list files finished, path:/share/project/lvjing/vjepa2/starVLA/playground/Checkpoints/jepadit_galbot_g1_stack_bowl_3view_openpi_stats_20k_bs16_chunk30/wandb/, depth:2, cost:1(ms)
2026/05/15 11:20:37 [info] [producer] list files start, path:/share/project/lvjing/vjepa2/starVLA/playground/Checkpoints/jepadit_galbot_g1_stack_bowl_3view_openpi_stats_20k_bs16_chunk30/wandb/wandb/, depth:3
2026/05/15 11:20:37 [info] get file info list success, path:/share/project/lvjing/vjepa2/starVLA/playground/Checkpoints/jepadit_galbot_g1_stack_bowl_3view_openpi_stats_20k_bs16_chunk30/wandb/wandb/, fileNum:4, cost:1(ms)
2026/05/15 11:20:37 [info] get file info list success, path:/share/project/lvjing/vjepa2/starVLA/playground/Checkpoints/jepadit_galbot_g1_stack_bowl_3view_openpi_stats_20k_bs16_chunk30/wandb/wandb/, fileNum:4, cost:0(ms)
2026/05/15 11:20:37 [warn] [scanner] skip symlink directory, filePath:/share/project/lvjing/vjepa2/starVLA/playground/Checkpoints/jepadit_galbot_g1_stack_bowl_3view_openpi_stats_20k_bs16_chunk30/wandb/wandb/latest-run
2026/05/15 11:20:37 [info] [scanner] list files finished, path:/share/project/lvjing/vjepa2/starVLA/playground/Checkpoints/jepadit_galbot_g1_stack_bowl_3view_openpi_stats_20k_bs16_chunk30/wandb/wandb/, depth:3, cost:2(ms)
2026/05/15 11:20:37 [info] [scanner] list files start, path:/share/project/lvjing/vjepa2/starVLA/playground/Checkpoints/jepadit_galbot_g1_stack_bowl_3view_openpi_stats_20k_bs16_chunk30/wandb/wandb/offline-run-20260515_023129-wdjp38qd/, depth:4
2026/05/15 11:20:37 [warn] [producer] skip symlink directory, filePath:/share/project/lvjing/vjepa2/starVLA/playground/Checkpoints/jepadit_galbot_g1_stack_bowl_3view_openpi_stats_20k_bs16_chunk30/wandb/wandb/latest-run
2026/05/15 11:20:37 [info] [producer] list files finished, path:/share/project/lvjing/vjepa2/starVLA/playground/Checkpoints/jepadit_galbot_g1_stack_bowl_3view_openpi_stats_20k_bs16_chunk30/wandb/wandb/, depth:3, cost:2(ms)
2026/05/15 11:20:37 [info] [producer] list files start, path:/share/project/lvjing/vjepa2/starVLA/playground/Checkpoints/jepadit_galbot_g1_stack_bowl_3view_openpi_stats_20k_bs16_chunk30/wandb/wandb/offline-run-20260515_023129-wdjp38qd/, depth:4
2026/05/15 11:20:37 [info] get file info list success, path:/share/project/lvjing/vjepa2/starVLA/playground/Checkpoints/jepadit_galbot_g1_stack_bowl_3view_openpi_stats_20k_bs16_chunk30/wandb/wandb/offline-run-20260515_023129-wdjp38qd/, fileNum:4, cost:1(ms)
2026/05/15 11:20:37 [info] [scanner] list files finished, path:/share/project/lvjing/vjepa2/starVLA/playground/Checkpoints/jepadit_galbot_g1_stack_bowl_3view_openpi_stats_20k_bs16_chunk30/wandb/wandb/offline-run-20260515_023129-wdjp38qd/, depth:4, cost:1(ms)
2026/05/15 11:20:37 [info] [scanner] list files start, path:/share/project/lvjing/vjepa2/starVLA/playground/Checkpoints/jepadit_galbot_g1_stack_bowl_3view_openpi_stats_20k_bs16_chunk30/wandb/wandb/offline-run-20260515_023129-wdjp38qd/files/, depth:5
2026/05/15 11:20:37 [info] get file info list success, path:/share/project/lvjing/vjepa2/starVLA/playground/Checkpoints/jepadit_galbot_g1_stack_bowl_3view_openpi_stats_20k_bs16_chunk30/wandb/wandb/offline-run-20260515_023129-wdjp38qd/, fileNum:4, cost:1(ms)
2026/05/15 11:20:37 [info] [producer] list files finished, path:/share/project/lvjing/vjepa2/starVLA/playground/Checkpoints/jepadit_galbot_g1_stack_bowl_3view_openpi_stats_20k_bs16_chunk30/wandb/wandb/offline-run-20260515_023129-wdjp38qd/, depth:4, cost:1(ms)
2026/05/15 11:20:37 [info] [producer] list files start, path:/share/project/lvjing/vjepa2/starVLA/playground/Checkpoints/jepadit_galbot_g1_stack_bowl_3view_openpi_stats_20k_bs16_chunk30/wandb/wandb/offline-run-20260515_023129-wdjp38qd/files/, depth:5
2026/05/15 11:20:37 [info] get file info list success, path:/share/project/lvjing/vjepa2/starVLA/playground/Checkpoints/jepadit_galbot_g1_stack_bowl_3view_openpi_stats_20k_bs16_chunk30/wandb/wandb/offline-run-20260515_023129-wdjp38qd/files/, fileNum:1, cost:1(ms)
2026/05/15 11:20:37 [info] [scanner] list files finished, path:/share/project/lvjing/vjepa2/starVLA/playground/Checkpoints/jepadit_galbot_g1_stack_bowl_3view_openpi_stats_20k_bs16_chunk30/wandb/wandb/offline-run-20260515_023129-wdjp38qd/files/, depth:5, cost:1(ms)
2026/05/15 11:20:37 [info] [scanner] list files start, path:/share/project/lvjing/vjepa2/starVLA/playground/Checkpoints/jepadit_galbot_g1_stack_bowl_3view_openpi_stats_20k_bs16_chunk30/wandb/wandb/offline-run-20260515_023129-wdjp38qd/logs/, depth:5
2026/05/15 11:20:37 [info] get file info list success, path:/share/project/lvjing/vjepa2/starVLA/playground/Checkpoints/jepadit_galbot_g1_stack_bowl_3view_openpi_stats_20k_bs16_chunk30/wandb/wandb/offline-run-20260515_023129-wdjp38qd/files/, fileNum:1, cost:1(ms)
2026/05/15 11:20:37 [info] [producer] list files finished, path:/share/project/lvjing/vjepa2/starVLA/playground/Checkpoints/jepadit_galbot_g1_stack_bowl_3view_openpi_stats_20k_bs16_chunk30/wandb/wandb/offline-run-20260515_023129-wdjp38qd/files/, depth:5, cost:1(ms)
2026/05/15 11:20:37 [info] [producer] list files start, path:/share/project/lvjing/vjepa2/starVLA/playground/Checkpoints/jepadit_galbot_g1_stack_bowl_3view_openpi_stats_20k_bs16_chunk30/wandb/wandb/offline-run-20260515_023129-wdjp38qd/logs/, depth:5
2026/05/15 11:20:37 [info] get file info list success, path:/share/project/lvjing/vjepa2/starVLA/playground/Checkpoints/jepadit_galbot_g1_stack_bowl_3view_openpi_stats_20k_bs16_chunk30/wandb/wandb/offline-run-20260515_023129-wdjp38qd/logs/, fileNum:3, cost:4(ms)
2026/05/15 11:20:37 [info] get file info list success, path:/share/project/lvjing/vjepa2/starVLA/playground/Checkpoints/jepadit_galbot_g1_stack_bowl_3view_openpi_stats_20k_bs16_chunk30/wandb/wandb/offline-run-20260515_023129-wdjp38qd/logs/, fileNum:3, cost:4(ms)
2026/05/15 11:20:37 [info] [scanner] list files finished, path:/share/project/lvjing/vjepa2/starVLA/playground/Checkpoints/jepadit_galbot_g1_stack_bowl_3view_openpi_stats_20k_bs16_chunk30/wandb/wandb/offline-run-20260515_023129-wdjp38qd/logs/, depth:5, cost:4(ms)
2026/05/15 11:20:37 [info] [scanner] list files start, path:/share/project/lvjing/vjepa2/starVLA/playground/Checkpoints/jepadit_galbot_g1_stack_bowl_3view_openpi_stats_20k_bs16_chunk30/wandb/wandb/offline-run-20260515_023129-wdjp38qd/tmp/, depth:5
2026/05/15 11:20:37 [info] [producer] list files finished, path:/share/project/lvjing/vjepa2/starVLA/playground/Checkpoints/jepadit_galbot_g1_stack_bowl_3view_openpi_stats_20k_bs16_chunk30/wandb/wandb/offline-run-20260515_023129-wdjp38qd/logs/, depth:5, cost:4(ms)
2026/05/15 11:20:37 [info] [producer] list files start, path:/share/project/lvjing/vjepa2/starVLA/playground/Checkpoints/jepadit_galbot_g1_stack_bowl_3view_openpi_stats_20k_bs16_chunk30/wandb/wandb/offline-run-20260515_023129-wdjp38qd/tmp/, depth:5
2026/05/15 11:20:37 [info] get file info list success, path:/share/project/lvjing/vjepa2/starVLA/playground/Checkpoints/jepadit_galbot_g1_stack_bowl_3view_openpi_stats_20k_bs16_chunk30/wandb/wandb/offline-run-20260515_023129-wdjp38qd/tmp/, fileNum:1, cost:3(ms)
2026/05/15 11:20:37 [info] get file info list success, path:/share/project/lvjing/vjepa2/starVLA/playground/Checkpoints/jepadit_galbot_g1_stack_bowl_3view_openpi_stats_20k_bs16_chunk30/wandb/wandb/offline-run-20260515_023129-wdjp38qd/tmp/, fileNum:1, cost:3(ms)
2026/05/15 11:20:37 [info] [producer] list files finished, path:/share/project/lvjing/vjepa2/starVLA/playground/Checkpoints/jepadit_galbot_g1_stack_bowl_3view_openpi_stats_20k_bs16_chunk30/wandb/wandb/offline-run-20260515_023129-wdjp38qd/tmp/, depth:5, cost:3(ms)
2026/05/15 11:20:37 [info] [producer] list files start, path:/share/project/lvjing/vjepa2/starVLA/playground/Checkpoints/jepadit_galbot_g1_stack_bowl_3view_openpi_stats_20k_bs16_chunk30/wandb/wandb/offline-run-20260515_023129-wdjp38qd/tmp/code/, depth:6
2026/05/15 11:20:37 [info] [scanner] list files finished, path:/share/project/lvjing/vjepa2/starVLA/playground/Checkpoints/jepadit_galbot_g1_stack_bowl_3view_openpi_stats_20k_bs16_chunk30/wandb/wandb/offline-run-20260515_023129-wdjp38qd/tmp/, depth:5, cost:3(ms)
2026/05/15 11:20:37 [info] [scanner] list files start, path:/share/project/lvjing/vjepa2/starVLA/playground/Checkpoints/jepadit_galbot_g1_stack_bowl_3view_openpi_stats_20k_bs16_chunk30/wandb/wandb/offline-run-20260515_023129-wdjp38qd/tmp/code/, depth:6
2026/05/15 11:20:37 [info] get file info list success, path:/share/project/lvjing/vjepa2/starVLA/playground/Checkpoints/jepadit_galbot_g1_stack_bowl_3view_openpi_stats_20k_bs16_chunk30/wandb/wandb/offline-run-20260515_023129-wdjp38qd/tmp/code/, fileNum:0, cost:0(ms)
2026/05/15 11:20:37 [info] [producer] list files finished, path:/share/project/lvjing/vjepa2/starVLA/playground/Checkpoints/jepadit_galbot_g1_stack_bowl_3view_openpi_stats_20k_bs16_chunk30/wandb/wandb/offline-run-20260515_023129-wdjp38qd/tmp/code/, depth:6, cost:0(ms)
2026/05/15 11:20:37 [info] get file info list success, path:/share/project/lvjing/vjepa2/starVLA/playground/Checkpoints/jepadit_galbot_g1_stack_bowl_3view_openpi_stats_20k_bs16_chunk30/wandb/wandb/offline-run-20260515_023129-wdjp38qd/tmp/code/, fileNum:0, cost:1(ms)
2026/05/15 11:20:37 [info] [scanner] list files finished, path:/share/project/lvjing/vjepa2/starVLA/playground/Checkpoints/jepadit_galbot_g1_stack_bowl_3view_openpi_stats_20k_bs16_chunk30/wandb/wandb/offline-run-20260515_023129-wdjp38qd/tmp/code/, depth:6, cost:1(ms)
2026/05/15 11:20:37 [info] [scanner] scan files finished, path:/share/project/lvjing/vjepa2/starVLA/playground/Checkpoints/jepadit_galbot_g1_stack_bowl_3view_openpi_stats_20k_bs16_chunk30/, parallel:1, cost:21(ms)
2026/05/15 11:20:37 [info] [producer] produce files finished, path:/share/project/lvjing/vjepa2/starVLA/playground/Checkpoints/jepadit_galbot_g1_stack_bowl_3view_openpi_stats_20k_bs16_chunk30/, parallel:1, cost:21(ms)
2026/05/15 11:20:38 [info] [upload] begin multipart upload, filePath:/share/project/lvjing/vjepa2/starVLA/playground/Checkpoints/jepadit_galbot_g1_stack_bowl_3view_openpi_stats_20k_bs16_chunk30/checkpoints/steps_20000_pytorch_model.pt, objectKey:2026-05-15-lvjing-diewan/checkpoints/steps_20000_pytorch_model.pt, fileSize:3991691930, partSize:20971520, parallel:8
2026/05/15 11:20:38 [info] [upload] begin put object, filePath:/share/project/lvjing/vjepa2/starVLA/playground/Checkpoints/jepadit_galbot_g1_stack_bowl_3view_openpi_stats_20k_bs16_chunk30/train.nohup.log, objectKey:2026-05-15-lvjing-diewan/train.nohup.log, fileSize:5704295
2026/05/15 11:20:38 [info] [upload] begin put dir object, filePath:/share/project/lvjing/vjepa2/starVLA/playground/Checkpoints/jepadit_galbot_g1_stack_bowl_3view_openpi_stats_20k_bs16_chunk30/wandb/, objectKey:2026-05-15-lvjing-diewan/wandb/
2026/05/15 11:20:38 [info] [upload] begin put object, filePath:/share/project/lvjing/vjepa2/starVLA/playground/Checkpoints/jepadit_galbot_g1_stack_bowl_3view_openpi_stats_20k_bs16_chunk30/wandb/wandb/offline-run-20260515_023129-wdjp38qd/logs/debug-core.log, objectKey:2026-05-15-lvjing-diewan/wandb/wandb/offline-run-20260515_023129-wdjp38qd/logs/debug-core.log, fileSize:2204
2026/05/15 11:20:38 [info] [upload] begin put dir object, filePath:/share/project/lvjing/vjepa2/starVLA/playground/Checkpoints/jepadit_galbot_g1_stack_bowl_3view_openpi_stats_20k_bs16_chunk30/wandb/wandb/offline-run-20260515_023129-wdjp38qd/tmp/, objectKey:2026-05-15-lvjing-diewan/wandb/wandb/offline-run-20260515_023129-wdjp38qd/tmp/
2026/05/15 11:20:38 [info] [upload] begin multipart upload, filePath:/share/project/lvjing/vjepa2/starVLA/playground/Checkpoints/jepadit_galbot_g1_stack_bowl_3view_openpi_stats_20k_bs16_chunk30/checkpoints/steps_15000_pytorch_model.pt, objectKey:2026-05-15-lvjing-diewan/checkpoints/steps_15000_pytorch_model.pt, fileSize:3991691930, partSize:20971520, parallel:8
2026/05/15 11:20:38 [info] [upload] begin put object, filePath:/share/project/lvjing/vjepa2/starVLA/playground/Checkpoints/jepadit_galbot_g1_stack_bowl_3view_openpi_stats_20k_bs16_chunk30/wandb/wandb/offline-run-20260515_023129-wdjp38qd/files/requirements.txt, objectKey:2026-05-15-lvjing-diewan/wandb/wandb/offline-run-20260515_023129-wdjp38qd/files/requirements.txt, fileSize:4064
2026/05/15 11:20:38 [info] [upload] begin put dir object, filePath:/share/project/lvjing/vjepa2/starVLA/playground/Checkpoints/jepadit_galbot_g1_stack_bowl_3view_openpi_stats_20k_bs16_chunk30/wandb/wandb/, objectKey:2026-05-15-lvjing-diewan/wandb/wandb/
2026/05/15 11:20:38 [info] [upload] begin put dir object, filePath:/share/project/lvjing/vjepa2/starVLA/playground/Checkpoints/jepadit_galbot_g1_stack_bowl_3view_openpi_stats_20k_bs16_chunk30/wandb/wandb/offline-run-20260515_023129-wdjp38qd/files/, objectKey:2026-05-15-lvjing-diewan/wandb/wandb/offline-run-20260515_023129-wdjp38qd/files/
2026/05/15 11:20:38 [info] [upload] begin put object, filePath:/share/project/lvjing/vjepa2/starVLA/playground/Checkpoints/jepadit_galbot_g1_stack_bowl_3view_openpi_stats_20k_bs16_chunk30/wandb/wandb/debug-internal.log, objectKey:2026-05-15-lvjing-diewan/wandb/wandb/debug-internal.log, fileSize:1500
2026/05/15 11:20:38 [info] [upload] begin put object, filePath:/share/project/lvjing/vjepa2/starVLA/playground/Checkpoints/jepadit_galbot_g1_stack_bowl_3view_openpi_stats_20k_bs16_chunk30/launch_command.sh, objectKey:2026-05-15-lvjing-diewan/launch_command.sh, fileSize:438
2026/05/15 11:20:38 [info] [upload] begin put object, filePath:/share/project/lvjing/vjepa2/starVLA/playground/Checkpoints/jepadit_galbot_g1_stack_bowl_3view_openpi_stats_20k_bs16_chunk30/wandb/wandb/debug.log, objectKey:2026-05-15-lvjing-diewan/wandb/wandb/debug.log, fileSize:0
2026/05/15 11:20:38 [info] [upload] begin put dir object, filePath:/share/project/lvjing/vjepa2/starVLA/playground/Checkpoints/jepadit_galbot_g1_stack_bowl_3view_openpi_stats_20k_bs16_chunk30/checkpoints/, objectKey:2026-05-15-lvjing-diewan/checkpoints/
2026/05/15 11:20:38 [info] [upload] begin put object, filePath:/share/project/lvjing/vjepa2/starVLA/playground/Checkpoints/jepadit_galbot_g1_stack_bowl_3view_openpi_stats_20k_bs16_chunk30/wandb/wandb/offline-run-20260515_023129-wdjp38qd/logs/debug-internal.log, objectKey:2026-05-15-lvjing-diewan/wandb/wandb/offline-run-20260515_023129-wdjp38qd/logs/debug-internal.log, fileSize:1500
2026/05/15 11:20:38 [info] [upload] begin put object, filePath:/share/project/lvjing/vjepa2/starVLA/playground/Checkpoints/jepadit_galbot_g1_stack_bowl_3view_openpi_stats_20k_bs16_chunk30/wandb/wandb/offline-run-20260515_023129-wdjp38qd/run-wdjp38qd.wandb, objectKey:2026-05-15-lvjing-diewan/wandb/wandb/offline-run-20260515_023129-wdjp38qd/run-wdjp38qd.wandb, fileSize:15625266
2026/05/15 11:20:38 [info] [upload] begin put dir object, filePath:/share/project/lvjing/vjepa2/starVLA/playground/Checkpoints/jepadit_galbot_g1_stack_bowl_3view_openpi_stats_20k_bs16_chunk30/wandb/wandb/offline-run-20260515_023129-wdjp38qd/tmp/code/, objectKey:2026-05-15-lvjing-diewan/wandb/wandb/offline-run-20260515_023129-wdjp38qd/tmp/code/
2026/05/15 11:20:38 [info] [upload] begin put object, filePath:/share/project/lvjing/vjepa2/starVLA/playground/Checkpoints/jepadit_galbot_g1_stack_bowl_3view_openpi_stats_20k_bs16_chunk30/summary.jsonl, objectKey:2026-05-15-lvjing-diewan/summary.jsonl, fileSize:67
2026/05/15 11:20:38 [info] [upload] begin put object, filePath:/share/project/lvjing/vjepa2/starVLA/playground/Checkpoints/jepadit_galbot_g1_stack_bowl_3view_openpi_stats_20k_bs16_chunk30/dataset_statistics.json, objectKey:2026-05-15-lvjing-diewan/dataset_statistics.json, fileSize:6129
2026/05/15 11:20:38 [info] [upload] begin put object, filePath:/share/project/lvjing/vjepa2/starVLA/playground/Checkpoints/jepadit_galbot_g1_stack_bowl_3view_openpi_stats_20k_bs16_chunk30/train.pid, objectKey:2026-05-15-lvjing-diewan/train.pid, fileSize:7
2026/05/15 11:20:38 [info] [upload] begin put dir object, filePath:/share/project/lvjing/vjepa2/starVLA/playground/Checkpoints/jepadit_galbot_g1_stack_bowl_3view_openpi_stats_20k_bs16_chunk30/wandb/wandb/offline-run-20260515_023129-wdjp38qd/, objectKey:2026-05-15-lvjing-diewan/wandb/wandb/offline-run-20260515_023129-wdjp38qd/
2026/05/15 11:20:38 [info] [upload] begin put object, filePath:/share/project/lvjing/vjepa2/starVLA/playground/Checkpoints/jepadit_galbot_g1_stack_bowl_3view_openpi_stats_20k_bs16_chunk30/config.full.yaml, objectKey:2026-05-15-lvjing-diewan/config.full.yaml, fileSize:2904
2026/05/15 11:20:38 [info] [upload] begin put object, filePath:/share/project/lvjing/vjepa2/starVLA/playground/Checkpoints/jepadit_galbot_g1_stack_bowl_3view_openpi_stats_20k_bs16_chunk30/config.yaml, objectKey:2026-05-15-lvjing-diewan/config.yaml, fileSize:2518
2026/05/15 11:20:38 [info] [upload] begin put dir object, filePath:/share/project/lvjing/vjepa2/starVLA/playground/Checkpoints/jepadit_galbot_g1_stack_bowl_3view_openpi_stats_20k_bs16_chunk30/wandb/wandb/offline-run-20260515_023129-wdjp38qd/logs/, objectKey:2026-05-15-lvjing-diewan/wandb/wandb/offline-run-20260515_023129-wdjp38qd/logs/
2026/05/15 11:20:38 [info] [upload] begin multipart upload, filePath:/share/project/lvjing/vjepa2/starVLA/playground/Checkpoints/jepadit_galbot_g1_stack_bowl_3view_openpi_stats_20k_bs16_chunk30/final_model/pytorch_model.pt, objectKey:2026-05-15-lvjing-diewan/final_model/pytorch_model.pt, fileSize:3991681762, partSize:20971520, parallel:8
2026/05/15 11:20:38 [info] [upload] begin put dir object, filePath:/share/project/lvjing/vjepa2/starVLA/playground/Checkpoints/jepadit_galbot_g1_stack_bowl_3view_openpi_stats_20k_bs16_chunk30/final_model/, objectKey:2026-05-15-lvjing-diewan/final_model/
2026/05/15 11:20:38 [info] [upload] begin put object, filePath:/share/project/lvjing/vjepa2/starVLA/playground/Checkpoints/jepadit_galbot_g1_stack_bowl_3view_openpi_stats_20k_bs16_chunk30/run_jepadit_train_galbot.sh, objectKey:2026-05-15-lvjing-diewan/run_jepadit_train_galbot.sh, fileSize:1915
2026/05/15 11:20:38 [info] [upload] begin put object, filePath:/share/project/lvjing/vjepa2/starVLA/playground/Checkpoints/jepadit_galbot_g1_stack_bowl_3view_openpi_stats_20k_bs16_chunk30/wandb/wandb/offline-run-20260515_023129-wdjp38qd/logs/debug.log, objectKey:2026-05-15-lvjing-diewan/wandb/wandb/offline-run-20260515_023129-wdjp38qd/logs/debug.log, fileSize:0
2026/05/15 11:20:38 [info] [upload] upload file success, filePath:/share/project/lvjing/vjepa2/starVLA/playground/Checkpoints/jepadit_galbot_g1_stack_bowl_3view_openpi_stats_20k_bs16_chunk30/wandb/wandb/offline-run-20260515_023129-wdjp38qd/logs/, objectKey:2026-05-15-lvjing-diewan/wandb/wandb/offline-run-20260515_023129-wdjp38qd/logs/, size:8192, speed:86.02KB/s, cost:93(ms)
2026/05/15 11:20:38 [info] [upload] upload file success, filePath:/share/project/lvjing/vjepa2/starVLA/playground/Checkpoints/jepadit_galbot_g1_stack_bowl_3view_openpi_stats_20k_bs16_chunk30/wandb/wandb/offline-run-20260515_023129-wdjp38qd/files/, objectKey:2026-05-15-lvjing-diewan/wandb/wandb/offline-run-20260515_023129-wdjp38qd/files/, size:4096, speed:43.01KB/s, cost:93(ms)
2026/05/15 11:20:38 [info] [upload] upload file success, filePath:/share/project/lvjing/vjepa2/starVLA/playground/Checkpoints/jepadit_galbot_g1_stack_bowl_3view_openpi_stats_20k_bs16_chunk30/wandb/wandb/offline-run-20260515_023129-wdjp38qd/files/requirements.txt, objectKey:2026-05-15-lvjing-diewan/wandb/wandb/offline-run-20260515_023129-wdjp38qd/files/requirements.txt, size:4064, speed:43.14KB/s, cost:92(ms)
2026/05/15 11:20:38 [info] [upload] upload file success, filePath:/share/project/lvjing/vjepa2/starVLA/playground/Checkpoints/jepadit_galbot_g1_stack_bowl_3view_openpi_stats_20k_bs16_chunk30/wandb/wandb/debug-internal.log, objectKey:2026-05-15-lvjing-diewan/wandb/wandb/debug-internal.log, size:1500, speed:15.58KB/s, cost:94(ms)
2026/05/15 11:20:38 [info] [upload] upload file success, filePath:/share/project/lvjing/vjepa2/starVLA/playground/Checkpoints/jepadit_galbot_g1_stack_bowl_3view_openpi_stats_20k_bs16_chunk30/wandb/wandb/offline-run-20260515_023129-wdjp38qd/tmp/, objectKey:2026-05-15-lvjing-diewan/wandb/wandb/offline-run-20260515_023129-wdjp38qd/tmp/, size:8192, speed:84.21KB/s, cost:95(ms)
2026/05/15 11:20:38 [info] [upload] upload file success, filePath:/share/project/lvjing/vjepa2/starVLA/playground/Checkpoints/jepadit_galbot_g1_stack_bowl_3view_openpi_stats_20k_bs16_chunk30/config.full.yaml, objectKey:2026-05-15-lvjing-diewan/config.full.yaml, size:2904, speed:28.08KB/s, cost:101(ms)
2026/05/15 11:20:38 [info] [upload] upload file success, filePath:/share/project/lvjing/vjepa2/starVLA/playground/Checkpoints/jepadit_galbot_g1_stack_bowl_3view_openpi_stats_20k_bs16_chunk30/wandb/wandb/, objectKey:2026-05-15-lvjing-diewan/wandb/wandb/, size:8192, speed:81.63KB/s, cost:98(ms)
2026/05/15 11:20:38 [info] [upload] upload file success, filePath:/share/project/lvjing/vjepa2/starVLA/playground/Checkpoints/jepadit_galbot_g1_stack_bowl_3view_openpi_stats_20k_bs16_chunk30/final_model/, objectKey:2026-05-15-lvjing-diewan/final_model/, size:4096, speed:39.22KB/s, cost:102(ms)
2026/05/15 11:20:38 [info] [upload] upload file success, filePath:/share/project/lvjing/vjepa2/starVLA/playground/Checkpoints/jepadit_galbot_g1_stack_bowl_3view_openpi_stats_20k_bs16_chunk30/launch_command.sh, objectKey:2026-05-15-lvjing-diewan/launch_command.sh, size:438, speed:4.15KB/s, cost:103(ms)
2026/05/15 11:20:38 [info] [upload] upload file success, filePath:/share/project/lvjing/vjepa2/starVLA/playground/Checkpoints/jepadit_galbot_g1_stack_bowl_3view_openpi_stats_20k_bs16_chunk30/checkpoints/, objectKey:2026-05-15-lvjing-diewan/checkpoints/, size:8192, speed:76.92KB/s, cost:104(ms)
2026/05/15 11:20:38 [info] [upload] upload file success, filePath:/share/project/lvjing/vjepa2/starVLA/playground/Checkpoints/jepadit_galbot_g1_stack_bowl_3view_openpi_stats_20k_bs16_chunk30/wandb/wandb/offline-run-20260515_023129-wdjp38qd/logs/debug-internal.log, objectKey:2026-05-15-lvjing-diewan/wandb/wandb/offline-run-20260515_023129-wdjp38qd/logs/debug-internal.log, size:1500, speed:15.42KB/s, cost:95(ms)
2026/05/15 11:20:38 [info] [upload] upload file success, filePath:/share/project/lvjing/vjepa2/starVLA/playground/Checkpoints/jepadit_galbot_g1_stack_bowl_3view_openpi_stats_20k_bs16_chunk30/dataset_statistics.json, objectKey:2026-05-15-lvjing-diewan/dataset_statistics.json, size:6129, speed:57.00KB/s, cost:105(ms)
2026/05/15 11:20:38 [info] [upload] upload file success, filePath:/share/project/lvjing/vjepa2/starVLA/playground/Checkpoints/jepadit_galbot_g1_stack_bowl_3view_openpi_stats_20k_bs16_chunk30/config.yaml, objectKey:2026-05-15-lvjing-diewan/config.yaml, size:2518, speed:23.20KB/s, cost:106(ms)
2026/05/15 11:20:38 [info] [upload] upload file success, filePath:/share/project/lvjing/vjepa2/starVLA/playground/Checkpoints/jepadit_galbot_g1_stack_bowl_3view_openpi_stats_20k_bs16_chunk30/wandb/wandb/offline-run-20260515_023129-wdjp38qd/logs/debug-core.log, objectKey:2026-05-15-lvjing-diewan/wandb/wandb/offline-run-20260515_023129-wdjp38qd/logs/debug-core.log, size:2204, speed:22.19KB/s, cost:97(ms)
2026/05/15 11:20:38 [info] [upload] upload file success, filePath:/share/project/lvjing/vjepa2/starVLA/playground/Checkpoints/jepadit_galbot_g1_stack_bowl_3view_openpi_stats_20k_bs16_chunk30/wandb/wandb/offline-run-20260515_023129-wdjp38qd/, objectKey:2026-05-15-lvjing-diewan/wandb/wandb/offline-run-20260515_023129-wdjp38qd/, size:8192, speed:76.19KB/s, cost:105(ms)
2026/05/15 11:20:38 [info] [upload] upload file success, filePath:/share/project/lvjing/vjepa2/starVLA/playground/Checkpoints/jepadit_galbot_g1_stack_bowl_3view_openpi_stats_20k_bs16_chunk30/wandb/wandb/debug.log, objectKey:2026-05-15-lvjing-diewan/wandb/wandb/debug.log, size:0, speed:0.00B/s, cost:105(ms)
2026/05/15 11:20:38 [info] [upload] upload file success, filePath:/share/project/lvjing/vjepa2/starVLA/playground/Checkpoints/jepadit_galbot_g1_stack_bowl_3view_openpi_stats_20k_bs16_chunk30/train.pid, objectKey:2026-05-15-lvjing-diewan/train.pid, size:7, speed:63.64B/s, cost:110(ms)
2026/05/15 11:20:38 [info] [upload] upload file success, filePath:/share/project/lvjing/vjepa2/starVLA/playground/Checkpoints/jepadit_galbot_g1_stack_bowl_3view_openpi_stats_20k_bs16_chunk30/wandb/wandb/offline-run-20260515_023129-wdjp38qd/tmp/code/, objectKey:2026-05-15-lvjing-diewan/wandb/wandb/offline-run-20260515_023129-wdjp38qd/tmp/code/, size:4096, speed:40.82KB/s, cost:98(ms)
2026/05/15 11:20:38 [info] [upload] upload file success, filePath:/share/project/lvjing/vjepa2/starVLA/playground/Checkpoints/jepadit_galbot_g1_stack_bowl_3view_openpi_stats_20k_bs16_chunk30/wandb/wandb/offline-run-20260515_023129-wdjp38qd/logs/debug.log, objectKey:2026-05-15-lvjing-diewan/wandb/wandb/offline-run-20260515_023129-wdjp38qd/logs/debug.log, size:0, speed:0.00B/s, cost:101(ms)
2026/05/15 11:20:38 [info] [upload] upload file success, filePath:/share/project/lvjing/vjepa2/starVLA/playground/Checkpoints/jepadit_galbot_g1_stack_bowl_3view_openpi_stats_20k_bs16_chunk30/run_jepadit_train_galbot.sh, objectKey:2026-05-15-lvjing-diewan/run_jepadit_train_galbot.sh, size:1915, speed:16.26KB/s, cost:115(ms)
2026/05/15 11:20:38 [info] [upload] upload file success, filePath:/share/project/lvjing/vjepa2/starVLA/playground/Checkpoints/jepadit_galbot_g1_stack_bowl_3view_openpi_stats_20k_bs16_chunk30/wandb/, objectKey:2026-05-15-lvjing-diewan/wandb/, size:4096, speed:34.48KB/s, cost:116(ms)
2026/05/15 11:20:38 [info] [upload] upload file success, filePath:/share/project/lvjing/vjepa2/starVLA/playground/Checkpoints/jepadit_galbot_g1_stack_bowl_3view_openpi_stats_20k_bs16_chunk30/summary.jsonl, objectKey:2026-05-15-lvjing-diewan/summary.jsonl, size:67, speed:577.59B/s, cost:116(ms)
2026/05/15 11:20:38 [info] [upload] upload file success, filePath:/share/project/lvjing/vjepa2/starVLA/playground/Checkpoints/jepadit_galbot_g1_stack_bowl_3view_openpi_stats_20k_bs16_chunk30/train.nohup.log, objectKey:2026-05-15-lvjing-diewan/train.nohup.log, size:5704295, speed:12.92MB/s, cost:421(ms)
2026/05/15 11:20:38 [info] [upload] upload file success, filePath:/share/project/lvjing/vjepa2/starVLA/playground/Checkpoints/jepadit_galbot_g1_stack_bowl_3view_openpi_stats_20k_bs16_chunk30/wandb/wandb/offline-run-20260515_023129-wdjp38qd/run-wdjp38qd.wandb, objectKey:2026-05-15-lvjing-diewan/wandb/wandb/offline-run-20260515_023129-wdjp38qd/run-wdjp38qd.wandb, size:15625266, speed:21.66MB/s, cost:688(ms)
2026/05/15 11:20:58 [info] [upload] upload file success, filePath:/share/project/lvjing/vjepa2/starVLA/playground/Checkpoints/jepadit_galbot_g1_stack_bowl_3view_openpi_stats_20k_bs16_chunk30/checkpoints/steps_15000_pytorch_model.pt, objectKey:2026-05-15-lvjing-diewan/checkpoints/steps_15000_pytorch_model.pt, size:3991691930, speed:189.61MB/s, cost:20077(ms)
2026/05/15 11:20:58 [info] [upload] upload file success, filePath:/share/project/lvjing/vjepa2/starVLA/playground/Checkpoints/jepadit_galbot_g1_stack_bowl_3view_openpi_stats_20k_bs16_chunk30/final_model/pytorch_model.pt, objectKey:2026-05-15-lvjing-diewan/final_model/pytorch_model.pt, size:3991681762, speed:189.02MB/s, cost:20139(ms)
2026/05/15 11:20:58 [info] [upload] upload file success, filePath:/share/project/lvjing/vjepa2/starVLA/playground/Checkpoints/jepadit_galbot_g1_stack_bowl_3view_openpi_stats_20k_bs16_chunk30/checkpoints/steps_20000_pytorch_model.pt, objectKey:2026-05-15-lvjing-diewan/checkpoints/steps_20000_pytorch_model.pt, size:3991691930, speed:184.64MB/s, cost:20617(ms)
2026/05/15 11:20:58 [info] Task id: 8957f9e1-77b1-478b-8ce5-c4f7a1ff52cf
2026/05/15 11:20:58 [info] average speed 550.77MB/s
2026/05/15 11:20:58 [info] remove checkpoint dir, path:.ks3util_checkpoint
2026/05/15 11:20:58 [info] ks3util run end,cost:20786(ms).
